[2025-07-14 19:58:56] local.INFO: WhatsApp RAW response: {"body":"[]"} 
[2025-07-14 20:02:06] local.INFO: WhatsApp RAW response: {"body":"{\"status\":\"success\",\"message\":{\"key\":{\"remoteJid\":\"966546421766@c.us\",\"fromMe\":true,\"id\":\"BAE50D3D083EA1B1\"},\"message\":{\"documentMessage\":{\"url\":\"https:\\/\\/mmg.whatsapp.net\\/v\\/t62.7119-24\\/519797454_24190773783864626_4330167819995259634_n.enc?ccb=11-4&oh=01_Q5Aa2AHCPNHqncj35Ur4w0GLZ_DlW-hhEbE8XtdNq4rLphQfGw&oe=689CD22E&_nc_sid=5e03e0&mms3=true\",\"mimetype\":\"application\\/pdf\",\"fileSha256\":\"YGfTWZk4dlRtncLhJ6mDlGRATPMy+MKh6M7GJaHIxMY=\",\"fileLength\":\"656\",\"mediaKey\":\"kjpXfiFtTNlZqg7TzY7D3qOE\\/o64Z+7lyG+QsEEVSOY=\",\"fileName\":\"?data=https%3A%2F%2Flinkatt.com%2Fstaging%2FWeddingAppDashboard%2Fpublic%2Finvitation%2Fresponse%2F8&size=300x300\",\"fileEncSha256\":\"BxTwoyutQ+7WE2BMgEiGoynFgsL7fTFv2H6pejmtpj4=\",\"directPath\":\"\\/v\\/t62.7119-24\\/519797454_24190773783864626_4330167819995259634_n.enc?ccb=11-4&oh=01_Q5Aa2AHCPNHqncj35Ur4w0GLZ_DlW-hhEbE8XtdNq4rLphQfGw&oe=689CD22E&_nc_sid=5e03e0\",\"mediaKeyTimestamp\":\"1752523326\",\"caption\":\"\\ud83c\\udf89 *\\u062f\\u0639\\u0648\\u0629 \\u062e\\u0627\\u0635\\u0629 \\u0644\\u062d\\u0636\\u0648\\u0631 \\u0627\\u0644\\u0641\\u0639\\u0627\\u0644\\u064a\\u0629*\\n\\n\\ud83d\\udc64 \\u0627\\u0644\\u0627\\u0633\\u0645: Engy Ahmed\\n\\ud83d\\udccd \\u0627\\u0644\\u0641\\u0639\\u0627\\u0644\\u064a\\u0629: wedding f&m\\n\\n\\ud83d\\udcf2 \\u0627\\u0645\\u0633\\u062d \\u0631\\u0645\\u0632 \\u0627\\u0644\\u0627\\u0633\\u062a\\u062c\\u0627\\u0628\\u0629 \\u0627\\u0644\\u0633\\u0631\\u064a\\u0639\\u0629 (QR) \\u0644\\u062d\\u0636\\u0648\\u0631 \\u0627\\u0644\\u0641\\u0639\\u0627\\u0644\\u064a\\u0629\\n\\n\\u0646\\u0623\\u0645\\u0644 \\u0631\\u0624\\u064a\\u062a\\u0643 \\u0642\\u0631\\u064a\\u0628\\u064b\\u0627!\"}},\"messageTimestamp\":\"1752523326\"}}"} 
[2025-07-14 20:04:35] local.INFO: WhatsApp RAW response: {"body":"{\"status\":\"success\",\"message\":{\"key\":{\"remoteJid\":\"201158185798@c.us\",\"fromMe\":true,\"id\":\"BAE54CBCA056EF8D\"},\"message\":{\"documentMessage\":{\"url\":\"https:\\/\\/mmg.whatsapp.net\\/v\\/t62.7119-24\\/30936087_1045482037698594_2907239576415297264_n.enc?ccb=11-4&oh=01_Q5Aa2AE9ClPPYskRFhEJ8ZCizHpHBSVSH0ZVe8eahizHjmg5Cg&oe=689CC1CC&_nc_sid=5e03e0&mms3=true\",\"mimetype\":\"application\\/pdf\",\"fileSha256\":\"N4VD88BGNkJwWhE\\/uWWMs5RVhCp89nDcmrLNH+mlyr0=\",\"fileLength\":\"645\",\"mediaKey\":\"2yyr9PBTcN7vx5WkL2z4uQC34KXomg8nycz1yEUZgYs=\",\"fileName\":\"?data=https%3A%2F%2Flinkatt.com%2Fstaging%2FWeddingAppDashboard%2Fpublic%2Finvitation%2Fresponse%2F16&size=300x300\",\"fileEncSha256\":\"JVRMdMqk3l5PwJoK4YiNCjT6MzXI8iteG\\/El+FyG348=\",\"directPath\":\"\\/v\\/t62.7119-24\\/30936087_1045482037698594_2907239576415297264_n.enc?ccb=11-4&oh=01_Q5Aa2AE9ClPPYskRFhEJ8ZCizHpHBSVSH0ZVe8eahizHjmg5Cg&oe=689CC1CC&_nc_sid=5e03e0\",\"mediaKeyTimestamp\":\"1752523474\",\"caption\":\"\\ud83c\\udf89 *\\u062f\\u0639\\u0648\\u0629 \\u062e\\u0627\\u0635\\u0629 \\u0644\\u062d\\u0636\\u0648\\u0631 \\u0627\\u0644\\u0641\\u0639\\u0627\\u0644\\u064a\\u0629*\\n\\n\\ud83d\\udc64 \\u0627\\u0644\\u0627\\u0633\\u0645: Ayman Taher\\n\\ud83d\\udccd \\u0627\\u0644\\u0641\\u0639\\u0627\\u0644\\u064a\\u0629: Rwabett\\n\\n\\ud83d\\udcf2 \\u0627\\u0645\\u0633\\u062d \\u0631\\u0645\\u0632 \\u0627\\u0644\\u0627\\u0633\\u062a\\u062c\\u0627\\u0628\\u0629 \\u0627\\u0644\\u0633\\u0631\\u064a\\u0639\\u0629 (QR) \\u0644\\u062d\\u0636\\u0648\\u0631 \\u0627\\u0644\\u0641\\u0639\\u0627\\u0644\\u064a\\u0629\\n\\n\\u0646\\u0623\\u0645\\u0644 \\u0631\\u0624\\u064a\\u062a\\u0643 \\u0642\\u0631\\u064a\\u0628\\u064b\\u0627!\"}},\"messageTimestamp\":\"1752523474\"}}"} 
[2025-07-14 20:14:37] local.ERROR: Class "BaconQrCode\Renderer\Image\PngRenderer" not found {"userId":2,"exception":"[object] (Error(code: 0): Class \"BaconQrCode\\Renderer\\Image\\PngRenderer\" not found at /home/linkatt/public_html/staging/WeddingAppDashboard/app/Http/Controllers/EventContactController.php:269)
[stacktrace]
#0 /home/linkatt/public_html/staging/WeddingAppDashboard/app/Http/Controllers/EventContactController.php(227): App\\Http\\Controllers\\EventContactController->generateQrCodePng('https://linkatt...')
#1 /home/linkatt/public_html/staging/WeddingAppDashboard/vendor/laravel/framework/src/Illuminate/Routing/Controller.php(54): App\\Http\\Controllers\\EventContactController->sendQrCodes(Object(Illuminate\\Http\\Request), Object(App\\Models\\Event))
#2 /home/linkatt/public_html/staging/WeddingAppDashboard/vendor/laravel/framework/src/Illuminate/Routing/ControllerDispatcher.php(43): Illuminate\\Routing\\Controller->callAction('sendQrCodes', Array)
#3 /home/linkatt/public_html/staging/WeddingAppDashboard/vendor/laravel/framework/src/Illuminate/Routing/Route.php(260): Illuminate\\Routing\\ControllerDispatcher->dispatch(Object(Illuminate\\Routing\\Route), Object(App\\Http\\Controllers\\EventContactController), 'sendQrCodes')
#4 /home/linkatt/public_html/staging/WeddingAppDashboard/vendor/laravel/framework/src/Illuminate/Routing/Route.php(205): Illuminate\\Routing\\Route->runController()
#5 /home/linkatt/public_html/staging/WeddingAppDashboard/vendor/laravel/framework/src/Illuminate/Routing/Router.php(798): Illuminate\\Routing\\Route->run()
#6 /home/linkatt/public_html/staging/WeddingAppDashboard/vendor/laravel/framework/src/Illuminate/Pipeline/Pipeline.php(141): Illuminate\\Routing\\Router->Illuminate\\Routing\\{closure}(Object(Illuminate\\Http\\Request))
#7 /home/linkatt/public_html/staging/WeddingAppDashboard/vendor/laravel/framework/src/Illuminate/Routing/Middleware/SubstituteBindings.php(50): Illuminate\\Pipeline\\Pipeline->Illuminate\\Pipeline\\{closure}(Object(Illuminate\\Http\\Request))
#8 /home/linkatt/public_html/staging/WeddingAppDashboard/vendor/laravel/framework/src/Illuminate/Pipeline/Pipeline.php(180): Illuminate\\Routing\\Middleware\\SubstituteBindings->handle(Object(Illuminate\\Http\\Request), Object(Closure))
#9 /home/linkatt/public_html/staging/WeddingAppDashboard/vendor/laravel/framework/src/Illuminate/Foundation/Http/Middleware/VerifyCsrfToken.php(78): Illuminate\\Pipeline\\Pipeline->Illuminate\\Pipeline\\{closure}(Object(Illuminate\\Http\\Request))
#10 /home/linkatt/public_html/staging/WeddingAppDashboard/vendor/laravel/framework/src/Illuminate/Pipeline/Pipeline.php(180): Illuminate\\Foundation\\Http\\Middleware\\VerifyCsrfToken->handle(Object(Illuminate\\Http\\Request), Object(Closure))
#11 /home/linkatt/public_html/staging/WeddingAppDashboard/vendor/laravel/framework/src/Illuminate/View/Middleware/ShareErrorsFromSession.php(49): Illuminate\\Pipeline\\Pipeline->Illuminate\\Pipeline\\{closure}(Object(Illuminate\\Http\\Request))
#12 /home/linkatt/public_html/staging/WeddingAppDashboard/vendor/laravel/framework/src/Illuminate/Pipeline/Pipeline.php(180): Illuminate\\View\\Middleware\\ShareErrorsFromSession->handle(Object(Illuminate\\Http\\Request), Object(Closure))
#13 /home/linkatt/public_html/staging/WeddingAppDashboard/vendor/laravel/framework/src/Illuminate/Session/Middleware/StartSession.php(121): Illuminate\\Pipeline\\Pipeline->Illuminate\\Pipeline\\{closure}(Object(Illuminate\\Http\\Request))
#14 /home/linkatt/public_html/staging/WeddingAppDashboard/vendor/laravel/framework/src/Illuminate/Session/Middleware/StartSession.php(64): Illuminate\\Session\\Middleware\\StartSession->handleStatefulRequest(Object(Illuminate\\Http\\Request), Object(Illuminate\\Session\\Store), Object(Closure))
#15 /home/linkatt/public_html/staging/WeddingAppDashboard/vendor/laravel/framework/src/Illuminate/Pipeline/Pipeline.php(180): Illuminate\\Session\\Middleware\\StartSession->handle(Object(Illuminate\\Http\\Request), Object(Closure))
#16 /home/linkatt/public_html/staging/WeddingAppDashboard/vendor/laravel/framework/src/Illuminate/Cookie/Middleware/AddQueuedCookiesToResponse.php(37): Illuminate\\Pipeline\\Pipeline->Illuminate\\Pipeline\\{closure}(Object(Illuminate\\Http\\Request))
#17 /home/linkatt/public_html/staging/WeddingAppDashboard/vendor/laravel/framework/src/Illuminate/Pipeline/Pipeline.php(180): Illuminate\\Cookie\\Middleware\\AddQueuedCookiesToResponse->handle(Object(Illuminate\\Http\\Request), Object(Closure))
#18 /home/linkatt/public_html/staging/WeddingAppDashboard/vendor/laravel/framework/src/Illuminate/Cookie/Middleware/EncryptCookies.php(67): Illuminate\\Pipeline\\Pipeline->Illuminate\\Pipeline\\{closure}(Object(Illuminate\\Http\\Request))
#19 /home/linkatt/public_html/staging/WeddingAppDashboard/vendor/laravel/framework/src/Illuminate/Pipeline/Pipeline.php(180): Illuminate\\Cookie\\Middleware\\EncryptCookies->handle(Object(Illuminate\\Http\\Request), Object(Closure))
#20 /home/linkatt/public_html/staging/WeddingAppDashboard/vendor/laravel/framework/src/Illuminate/Pipeline/Pipeline.php(116): Illuminate\\Pipeline\\Pipeline->Illuminate\\Pipeline\\{closure}(Object(Illuminate\\Http\\Request))
#21 /home/linkatt/public_html/staging/WeddingAppDashboard/vendor/laravel/framework/src/Illuminate/Routing/Router.php(799): Illuminate\\Pipeline\\Pipeline->then(Object(Closure))
#22 /home/linkatt/public_html/staging/WeddingAppDashboard/vendor/laravel/framework/src/Illuminate/Routing/Router.php(776): Illuminate\\Routing\\Router->runRouteWithinStack(Object(Illuminate\\Routing\\Route), Object(Illuminate\\Http\\Request))
#23 /home/linkatt/public_html/staging/WeddingAppDashboard/vendor/laravel/framework/src/Illuminate/Routing/Router.php(740): Illuminate\\Routing\\Router->runRoute(Object(Illuminate\\Http\\Request), Object(Illuminate\\Routing\\Route))
#24 /home/linkatt/public_html/staging/WeddingAppDashboard/vendor/laravel/framework/src/Illuminate/Routing/Router.php(729): Illuminate\\Routing\\Router->dispatchToRoute(Object(Illuminate\\Http\\Request))
#25 /home/linkatt/public_html/staging/WeddingAppDashboard/vendor/laravel/framework/src/Illuminate/Foundation/Http/Kernel.php(190): Illuminate\\Routing\\Router->dispatch(Object(Illuminate\\Http\\Request))
#26 /home/linkatt/public_html/staging/WeddingAppDashboard/vendor/laravel/framework/src/Illuminate/Pipeline/Pipeline.php(141): Illuminate\\Foundation\\Http\\Kernel->Illuminate\\Foundation\\Http\\{closure}(Object(Illuminate\\Http\\Request))
#27 /home/linkatt/public_html/staging/WeddingAppDashboard/vendor/laravel/framework/src/Illuminate/Foundation/Http/Middleware/TransformsRequest.php(21): Illuminate\\Pipeline\\Pipeline->Illuminate\\Pipeline\\{closure}(Object(Illuminate\\Http\\Request))
#28 /home/linkatt/public_html/staging/WeddingAppDashboard/vendor/laravel/framework/src/Illuminate/Foundation/Http/Middleware/ConvertEmptyStringsToNull.php(31): Illuminate\\Foundation\\Http\\Middleware\\TransformsRequest->handle(Object(Illuminate\\Http\\Request), Object(Closure))
#29 /home/linkatt/public_html/staging/WeddingAppDashboard/vendor/laravel/framework/src/Illuminate/Pipeline/Pipeline.php(180): Illuminate\\Foundation\\Http\\Middleware\\ConvertEmptyStringsToNull->handle(Object(Illuminate\\Http\\Request), Object(Closure))
#30 /home/linkatt/public_html/staging/WeddingAppDashboard/vendor/laravel/framework/src/Illuminate/Foundation/Http/Middleware/TransformsRequest.php(21): Illuminate\\Pipeline\\Pipeline->Illuminate\\Pipeline\\{closure}(Object(Illuminate\\Http\\Request))
#31 /home/linkatt/public_html/staging/WeddingAppDashboard/vendor/laravel/framework/src/Illuminate/Foundation/Http/Middleware/TrimStrings.php(40): Illuminate\\Foundation\\Http\\Middleware\\TransformsRequest->handle(Object(Illuminate\\Http\\Request), Object(Closure))
#32 /home/linkatt/public_html/staging/WeddingAppDashboard/vendor/laravel/framework/src/Illuminate/Pipeline/Pipeline.php(180): Illuminate\\Foundation\\Http\\Middleware\\TrimStrings->handle(Object(Illuminate\\Http\\Request), Object(Closure))
#33 /home/linkatt/public_html/staging/WeddingAppDashboard/vendor/laravel/framework/src/Illuminate/Foundation/Http/Middleware/ValidatePostSize.php(27): Illuminate\\Pipeline\\Pipeline->Illuminate\\Pipeline\\{closure}(Object(Illuminate\\Http\\Request))
#34 /home/linkatt/public_html/staging/WeddingAppDashboard/vendor/laravel/framework/src/Illuminate/Pipeline/Pipeline.php(180): Illuminate\\Foundation\\Http\\Middleware\\ValidatePostSize->handle(Object(Illuminate\\Http\\Request), Object(Closure))
#35 /home/linkatt/public_html/staging/WeddingAppDashboard/vendor/laravel/framework/src/Illuminate/Foundation/Http/Middleware/PreventRequestsDuringMaintenance.php(86): Illuminate\\Pipeline\\Pipeline->Illuminate\\Pipeline\\{closure}(Object(Illuminate\\Http\\Request))
#36 /home/linkatt/public_html/staging/WeddingAppDashboard/vendor/laravel/framework/src/Illuminate/Pipeline/Pipeline.php(180): Illuminate\\Foundation\\Http\\Middleware\\PreventRequestsDuringMaintenance->handle(Object(Illuminate\\Http\\Request), Object(Closure))
#37 /home/linkatt/public_html/staging/WeddingAppDashboard/vendor/laravel/framework/src/Illuminate/Http/Middleware/HandleCors.php(49): Illuminate\\Pipeline\\Pipeline->Illuminate\\Pipeline\\{closure}(Object(Illuminate\\Http\\Request))
#38 /home/linkatt/public_html/staging/WeddingAppDashboard/vendor/laravel/framework/src/Illuminate/Pipeline/Pipeline.php(180): Illuminate\\Http\\Middleware\\HandleCors->handle(Object(Illuminate\\Http\\Request), Object(Closure))
#39 /home/linkatt/public_html/staging/WeddingAppDashboard/vendor/laravel/framework/src/Illuminate/Http/Middleware/TrustProxies.php(39): Illuminate\\Pipeline\\Pipeline->Illuminate\\Pipeline\\{closure}(Object(Illuminate\\Http\\Request))
#40 /home/linkatt/public_html/staging/WeddingAppDashboard/vendor/laravel/framework/src/Illuminate/Pipeline/Pipeline.php(180): Illuminate\\Http\\Middleware\\TrustProxies->handle(Object(Illuminate\\Http\\Request), Object(Closure))
#41 /home/linkatt/public_html/staging/WeddingAppDashboard/vendor/laravel/framework/src/Illuminate/Pipeline/Pipeline.php(116): Illuminate\\Pipeline\\Pipeline->Illuminate\\Pipeline\\{closure}(Object(Illuminate\\Http\\Request))
#42 /home/linkatt/public_html/staging/WeddingAppDashboard/vendor/laravel/framework/src/Illuminate/Foundation/Http/Kernel.php(165): Illuminate\\Pipeline\\Pipeline->then(Object(Closure))
#43 /home/linkatt/public_html/staging/WeddingAppDashboard/vendor/laravel/framework/src/Illuminate/Foundation/Http/Kernel.php(134): Illuminate\\Foundation\\Http\\Kernel->sendRequestThroughRouter(Object(Illuminate\\Http\\Request))
#44 /home/linkatt/public_html/staging/WeddingAppDashboard/public/index.php(52): Illuminate\\Foundation\\Http\\Kernel->handle(Object(Illuminate\\Http\\Request))
#45 {main}
"} 
